first car insurance quote expensive → 25
429 on "can I afford this car payment" — backing off 30s
can I afford this car payment → 25
429 on "car payment insurance gas budget monthly" — backing off 30s
429 on "car payment insurance gas budget monthly" — backing off 60s
car payment insurance gas budget monthly → 25
429 on "cost per mile to own" — backing off 30s
cost per mile to own → 25
429 on "how much do you spend on mods a month" — backing off 30s
how much do you spend on mods a month → 10
429 on "mod budget spreadsheet track" — backing off 30s
429 on "mod budget spreadsheet track" — backing off 60s
mod budget spreadsheet track → 0
429 on "gas money broke paycheck" — backing off 30s
gas money broke paycheck → 9
429 on "72 month loan regret" — backing off 30s
429 on "72 month loan regret" — backing off 60s
72 month loan regret → 5
upside down negative equity car → 25
429 on "maintenance fund how much to save car" — backing off 30s
429 on "maintenance fund how much to save car" — backing off 60s
maintenance fund how much to save car → 25
429 on "track day cost per weekend" — backing off 30s
track day cost per weekend → 3
429 on "money pit car repairs" — backing off 30s
money pit car repairs → 25
429 on "insurance went up modified car" — backing off 30s
insurance went up modified car → 5
429 on "is my car payment too high percentage of income" — backing off 30s
is my car payment too high percentage of income → 3
429 on "saving up for a turbo kit" — backing off 30s
429 on "saving up for a turbo kit" — backing off 60s
saving up for a turbo kit → 13
daily driver cost of ownership breakdown → 0
429 on "financed mods credit card wheels" — backing off 30s
429 on "financed mods credit card wheels" — backing off 60s
financed mods credit card wheels → 0
429 on "first car 19 years old budget" — backing off 30s
first car 19 years old budget → 16
429 on "how much car can I afford making an hour" — backing off 30s
how much car can I afford making an hour → 25
429 on "sold my car because insurance" — backing off 30s
429 on "sold my car because insurance" — backing off 60s
sold my car because insurance → 25
